---
source: tests/polarity_snapshots.rs
expression: "format!(\"{:-<65} {:#?}\", sentence, scores)"
---
On the other hand, VADER is quite bad ass------------------------ {
    "neg": 0.0,
    "compound": 0.8310114274420448,
    "neu": 0.4057892601109157,
    "pos": 0.5942107398890843,
}
