---
source: tests/polarity_snapshots.rs
expression: "format!(\"{:-<65} {:#?}\", sentence, scores)"
---
Without a doubt, excellent idea.--------------------------------- SentimentIntensity {
    neg: 0.0,
    neu: 0.2560819462227913,
    pos: 0.7439180537772088,
    compound: 0.7012865169261457,
}
