---
source: tests/polarity_snapshots.rs
expression: "format!(\"{:-<65} {:#?}\", sentence, scores)"
---
Today SUX!------------------------------------------------------- {
    "compound": -0.5461374667327111,
    "pos": 0.0,
    "neu": 0.22099447513812154,
    "neg": 0.7790055248618784,
}
