---
source: tests/polarity_snapshots.rs
expression: "format!(\"{:-<65} {:#?}\", sentence, scores)"
---
Most automated sentiment analysis tools are shit.---------------- [
    -0.5573704017131537,
    0.0,
    0.375,
    0.625,
]
