---
source: tests/polarity_snapshots.rs
expression: "format!(\"{:-<65} {:#?}\", sentence, scores)"
---
With VADER, sentiment analysis is the shit!---------------------- {
    "neg": 0.0,
    "neu": 0.582977069568597,
    "compound": 0.6476443261853029,
    "pos": 0.41702293043140304,
}
