---
source: tests/polarity_snapshots.rs
expression: "format!(\"{:-<65} {:#?}\", sentence, scores)"
---
Make sure you :) or :D today!------------------------------------ {
    "pos": 0.7214096670845521,
    "neg": 0.0,
    "compound": 0.8849007859213294,
    "neu": 0.2785903329154479,
}
