---
source: tests/polarity_snapshots.rs
expression: "format!(\"{:-<65} {:#?}\", sentence, scores)"
---
Today only kinda sux! But I'll get by, lol----------------------- [
    0.13734107675404175,
    0.3132946162297912,
    0.500993840948731,
    0.549364307016167,
]
