---
source: tests/polarity_snapshots.rs
expression: "format!(\"{:-<65} {:#?}\", sentence, scores)"
---
VADER is such a badass!------------------------------------------ [
    0.0,
    0.4199213541266714,
    0.4820441988950276,
    0.5179558011049724,
]
