---
source: tests/polarity_snapshots.rs
expression: "format!(\"{:-<65} {:#?}\", sentence, scores)"
---
At least it isn't a horrible book.------------------------------- [
    0.0,
    0.36305732484076436,
    0.43102002306105164,
    0.6369426751592357,
]
