---
source: tests/polarity_snapshots.rs
expression: "format!(\"{:-<65} {:#?}\", sentence, scores)"
---
Roger Dodger is one of the most compelling variations on this theme. [
    0.0,
    0.18433931484502444,
    0.3582210787828527,
    0.8156606851549755,
]
