---
source: tests/polarity_snapshots.rs
expression: "format!(\"{:-<65} {:#?}\", sentence, scores)"
---
VADER is very smart, handsome, and funny.------------------------ {
    "neu": 0.2865873536165533,
    "neg": 0.0,
    "pos": 0.7134126463834467,
    "compound": 0.8737416946516934,
}
